src/__tests__/hooks/use-ai-generator.test.tsx(21,58): error TS2345: Argument of type '{ content: string; type: string; points: number; correct_answer: string; explanation: string; options: string[]; }[]' is not assignable to parameter of type 'AIQuestion[]'.
  Type '{ content: string; type: string; points: number; correct_answer: string; explanation: string; options: string[]; }' is not assignable to type 'AIQuestion'.
    Types of property 'type' are incompatible.
      Type 'string' is not assignable to type '"boolean" | "text_input" | "multiple_choice"'.
src/__tests__/hooks/use-ai-generator.test.tsx(36,60): error TS2345: Argument of type '{ content: string; type: string; points: number; correct_answer: string; explanation: string; options: string[]; }[]' is not assignable to parameter of type 'AIQuestion[]'.
  Type '{ content: string; type: string; points: number; correct_answer: string; explanation: string; options: string[]; }' is not assignable to type 'AIQuestion'.
    Types of property 'type' are incompatible.
      Type 'string' is not assignable to type '"boolean" | "text_input" | "multiple_choice"'.
src/__tests__/hooks/use-ai-generator.test.tsx(70,60): error TS2345: Argument of type '{ content: string; type: string; points: number; correct_answer: string; explanation: string; options: string[]; }[]' is not assignable to parameter of type 'AIQuestion[]'.
  Type '{ content: string; type: string; points: number; correct_answer: string; explanation: string; options: string[]; }' is not assignable to type 'AIQuestion'.
    Types of property 'type' are incompatible.
      Type 'string' is not assignable to type '"boolean" | "text_input" | "multiple_choice"'.
src/__tests__/hooks/use-ai-generator.test.tsx(94,60): error TS2345: Argument of type '{ content: string; type: string; points: number; correct_answer: string; explanation: string; options: string[]; }[]' is not assignable to parameter of type 'AIQuestion[]'.
  Type '{ content: string; type: string; points: number; correct_answer: string; explanation: string; options: string[]; }' is not assignable to type 'AIQuestion'.
    Types of property 'type' are incompatible.
      Type 'string' is not assignable to type '"boolean" | "text_input" | "multiple_choice"'.
src/__tests__/hooks/use-ai-generator.test.tsx(118,60): error TS2345: Argument of type '{ content: string; type: string; points: number; correct_answer: string; explanation: string; options: string[]; }[]' is not assignable to parameter of type 'AIQuestion[]'.
  Type '{ content: string; type: string; points: number; correct_answer: string; explanation: string; options: string[]; }' is not assignable to type 'AIQuestion'.
    Types of property 'type' are incompatible.
      Type 'string' is not assignable to type '"boolean" | "text_input" | "multiple_choice"'.
src/__tests__/hooks/use-ai-generator.test.tsx(172,63): error TS2345: Argument of type '{ content: string; type: string; points: number; correct_answer: string; explanation: string; options: string[]; }[]' is not assignable to parameter of type 'AIQuestion[] | PromiseLike<AIQuestion[]>'.
  Type '{ content: string; type: string; points: number; correct_answer: string; explanation: string; options: string[]; }[]' is not assignable to type 'AIQuestion[]'.
    Type '{ content: string; type: string; points: number; correct_answer: string; explanation: string; options: string[]; }' is not assignable to type 'AIQuestion'.
      Types of property 'type' are incompatible.
        Type 'string' is not assignable to type '"boolean" | "text_input" | "multiple_choice"'.
src/__tests__/hooks/use-ai-generator.test.tsx(217,64): error TS2345: Argument of type '{ content: string; type: string; points: number; correct_answer: string; explanation: string; options: string[]; }[]' is not assignable to parameter of type 'AIQuestion[]'.
  Type '{ content: string; type: string; points: number; correct_answer: string; explanation: string; options: string[]; }' is not assignable to type 'AIQuestion'.
    Types of property 'type' are incompatible.
      Type 'string' is not assignable to type '"boolean" | "text_input" | "multiple_choice"'.
src/__tests__/hooks/use-ai-generator.test.tsx(232,60): error TS2345: Argument of type '{ content: string; type: string; points: number; correct_answer: string; explanation: string; options: string[]; }[]' is not assignable to parameter of type 'AIQuestion[]'.
  Type '{ content: string; type: string; points: number; correct_answer: string; explanation: string; options: string[]; }' is not assignable to type 'AIQuestion'.
    Types of property 'type' are incompatible.
      Type 'string' is not assignable to type '"boolean" | "text_input" | "multiple_choice"'.
src/__tests__/hooks/use-ai-generator.test.tsx(260,60): error TS2345: Argument of type '{ content: string; type: string; points: number; correct_answer: string; explanation: string; options: string[]; }[]' is not assignable to parameter of type 'AIQuestion[]'.
  Type '{ content: string; type: string; points: number; correct_answer: string; explanation: string; options: string[]; }' is not assignable to type 'AIQuestion'.
    Types of property 'type' are incompatible.
      Type 'string' is not assignable to type '"boolean" | "text_input" | "multiple_choice"'.
src/__tests__/hooks/use-ai-generator.test.tsx(303,60): error TS2345: Argument of type '{ content: string; type: string; points: number; correct_answer: string; explanation: string; options: string[]; }[]' is not assignable to parameter of type 'AIQuestion[]'.
  Type '{ content: string; type: string; points: number; correct_answer: string; explanation: string; options: string[]; }' is not assignable to type 'AIQuestion'.
    Types of property 'type' are incompatible.
      Type 'string' is not assignable to type '"boolean" | "text_input" | "multiple_choice"'.
src/__tests__/hooks/use-app.test.tsx(27,27): error TS2339: Property '_currentValue' does not exist on type 'MockedObject<Context<AppContextType | undefined>>'.
src/__tests__/hooks/use-app.test.tsx(36,27): error TS2339: Property '_currentValue' does not exist on type 'MockedObject<Context<AppContextType | undefined>>'.
src/__tests__/hooks/use-app.test.tsx(50,27): error TS2339: Property '_currentValue' does not exist on type 'MockedObject<Context<AppContextType | undefined>>'.
src/__tests__/hooks/use-app.test.tsx(54,27): error TS2339: Property 'theme' does not exist on type 'AppContextType'.
src/__tests__/hooks/use-app.test.tsx(55,27): error TS2339: Property 'user' does not exist on type 'AppContextType'.
src/__tests__/hooks/use-app.test.tsx(64,27): error TS2339: Property '_currentValue' does not exist on type 'MockedObject<Context<AppContextType | undefined>>'.
src/__tests__/hooks/use-app.test.tsx(72,27): error TS2339: Property '_currentValue' does not exist on type 'MockedObject<Context<AppContextType | undefined>>'.
src/__tests__/hooks/use-app.test.tsx(76,34): error TS2339: Property 'setUser' does not exist on type 'AppContextType'.
src/__tests__/hooks/use-app.test.tsx(77,34): error TS2339: Property 'setTheme' does not exist on type 'AppContextType'.
src/__tests__/hooks/use-bulk-import.test.tsx(62,56): error TS2345: Argument of type '(_file: unique symbol, options: ParseConfig<any, undefined> | undefined) => void' is not assignable to parameter of type '(stream: unique symbol, config?: ParseConfig<any, undefined> | undefined) => Duplex'.
  Type 'void' is not assignable to type 'Duplex'.
src/__tests__/hooks/use-bulk-import.test.tsx(63,18): error TS2554: Expected 2 arguments, but got 1.
src/__tests__/hooks/use-bulk-import.test.tsx(68,25): error TS2352: Conversion of type '{ target: { files: File[]; }; }' to type 'ChangeEvent<HTMLInputElement>' may be a mistake because neither type sufficiently overlaps with the other. If this was intentional, convert the expression to 'unknown' first.
  Type '{ target: { files: File[]; }; }' is missing the following properties from type 'ChangeEvent<HTMLInputElement>': nativeEvent, currentTarget, bubbles, cancelable, and 10 more.
src/__tests__/hooks/use-bulk-import.test.tsx(89,56): error TS2345: Argument of type '(file: unique symbol, options: ParseConfig<any, undefined> | undefined) => void' is not assignable to parameter of type '(stream: unique symbol, config?: ParseConfig<any, undefined> | undefined) => Duplex'.
  Type 'void' is not assignable to type 'Duplex'.
src/__tests__/hooks/use-bulk-import.test.tsx(89,57): error TS6133: 'file' is declared but its value is never read.
src/__tests__/hooks/use-bulk-import.test.tsx(90,18): error TS2339: Property 'error' does not exist on type 'ParseConfig<any, undefined>'.
src/__tests__/hooks/use-bulk-import.test.tsx(95,25): error TS2352: Conversion of type '{ target: { files: File[]; }; }' to type 'ChangeEvent<HTMLInputElement>' may be a mistake because neither type sufficiently overlaps with the other. If this was intentional, convert the expression to 'unknown' first.
  Type '{ target: { files: File[]; }; }' is missing the following properties from type 'ChangeEvent<HTMLInputElement>': nativeEvent, currentTarget, bubbles, cancelable, and 10 more.
src/__tests__/hooks/use-bulk-import.test.tsx(141,56): error TS2345: Argument of type '(_file: unique symbol, options: ParseConfig<any, undefined> | undefined) => void' is not assignable to parameter of type '(stream: unique symbol, config?: ParseConfig<any, undefined> | undefined) => Duplex'.
  Type 'void' is not assignable to type 'Duplex'.
src/__tests__/hooks/use-bulk-import.test.tsx(142,18): error TS2554: Expected 2 arguments, but got 1.
src/__tests__/hooks/use-bulk-import.test.tsx(147,25): error TS2352: Conversion of type '{ target: { files: File[]; }; }' to type 'ChangeEvent<HTMLInputElement>' may be a mistake because neither type sufficiently overlaps with the other. If this was intentional, convert the expression to 'unknown' first.
  Type '{ target: { files: File[]; }; }' is missing the following properties from type 'ChangeEvent<HTMLInputElement>': nativeEvent, currentTarget, bubbles, cancelable, and 10 more.
src/__tests__/hooks/use-toast.test.tsx(85,59): error TS2345: Argument of type '{ title: string; description: string; }' is not assignable to parameter of type 'ToasterToast'.
  Property 'id' is missing in type '{ title: string; description: string; }' but required in type '{ id: string; title?: ReactNode; description?: ReactNode; action?: ToastActionElement | undefined; }'.
src/__tests__/hooks/use-toast.test.tsx(209,11): error TS2722: Cannot invoke an object which is possibly 'undefined'.
src/__tests__/hooks/use-toast.test.tsx(243,59): error TS2345: Argument of type '{ title: string; variant: "destructive"; }' is not assignable to parameter of type 'ToasterToast'.
  Property 'id' is missing in type '{ title: string; variant: "destructive"; }' but required in type '{ id: string; title?: ReactNode; description?: ReactNode; action?: ToastActionElement | undefined; }'.
src/__tests__/hooks/use-toast.test.tsx(307,32): error TS2322: Type 'Element' is not assignable to type 'string | (string & ReactElement<any, string | JSXElementConstructor<any>>) | (string & Iterable<ReactNode>) | (string & ReactPortal) | undefined'.
  Type 'ReactElement<any, any>' is not assignable to type 'string & ReactPortal'.
    Type 'ReactElement<any, any>' is not assignable to type 'string'.
src/__tests__/lib/file-parsers.test.ts(2,26): error TS6133: 'ParsedFile' is declared but its value is never read.
src/__tests__/lib/file-parsers.test.ts(27,3): error TS2304: Cannot find name 'afterEach'.
src/__tests__/lib/file-parsers.test.ts(32,23): error TS1308: 'await' expressions are only allowed within async functions and at the top levels of modules.
src/__tests__/lib/file-parsers.test.ts(32,36): error TS2307: Cannot find module 'pdfjs-dist/build/pdf' or its corresponding type declarations.
src/__tests__/lib/file-parsers.test.ts(33,25): error TS1308: 'await' expressions are only allowed within async functions and at the top levels of modules.
src/__tests__/lib/file-parsers.test.ts(67,63): error TS2345: Argument of type '{ value: string; }' is not assignable to parameter of type 'Result'.
  Property 'messages' is missing in type '{ value: string; }' but required in type 'Result'.
src/__tests__/lib/file-parsers.test.ts(197,63): error TS2345: Argument of type '{ value: string; }' is not assignable to parameter of type 'Result'.
  Property 'messages' is missing in type '{ value: string; }' but required in type 'Result'.
src/__tests__/lib/file-parsers.test.ts(214,63): error TS2345: Argument of type '{ value: string; }' is not assignable to parameter of type 'Result'.
  Property 'messages' is missing in type '{ value: string; }' but required in type 'Result'.
src/__tests__/lib/file-parsers.test.ts(226,63): error TS2345: Argument of type '{ value: string; }' is not assignable to parameter of type 'Result'.
  Property 'messages' is missing in type '{ value: string; }' but required in type 'Result'.
src/__tests__/lib/file-parsers.test.ts(239,63): error TS2345: Argument of type '{ value: string; }' is not assignable to parameter of type 'Result'.
  Property 'messages' is missing in type '{ value: string; }' but required in type 'Result'.
src/__tests__/lib/sanitize.test.ts(14,3): error TS2304: Cannot find name 'beforeEach'.
src/__tests__/lib/sanitize.test.ts(40,14): error TS2552: Cannot find name 'mockDOMPurify'. Did you mean 'DOMPurify'?
src/__tests__/lib/sanitize.test.ts(46,14): error TS2552: Cannot find name 'mockDOMPurify'. Did you mean 'DOMPurify'?
src/__tests__/lib/sanitize.test.ts(50,17): error TS2552: Cannot find name 'mockDOMPurify'. Did you mean 'DOMPurify'?
src/__tests__/lib/sanitize.test.ts(53,14): error TS2552: Cannot find name 'mockDOMPurify'. Did you mean 'DOMPurify'?
src/__tests__/services/CurriculumService.test.ts(97,13): error TS6133: 'mockRpcResponse' is declared but its value is never read.
src/__tests__/services/OracleService.test.ts(22,13): error TS6133: 'result2' is declared but its value is never read.
src/features/curriculum/components/domain-list.tsx(2,48): error TS6133: 'Trash' is declared but its value is never read.
src/features/curriculum/components/domain-list.tsx(2,75): error TS6133: 'Layout' is declared but its value is never read.
src/features/curriculum/components/domain-list.tsx(21,7): error TS6133: 'DOMAIN_COLUMNS' is declared but its value is never read.
src/features/curriculum/components/domain-list.tsx(358,9): error TS6133: 'handleBulkDelete' is declared but its value is never read.
src/features/curriculum/components/domain-list.tsx(363,9): error TS6133: 'handleMarkLive' is declared but its value is never read.
src/features/curriculum/components/domain-list.tsx(374,9): error TS6133: 'handleMarkDraft' is declared but its value is never read.
src/features/curriculum/components/domain-list.tsx(385,9): error TS6133: 'handleMarkPublished' is declared but its value is never read.
src/features/curriculum/components/domain-list.tsx(608,27): error TS2739: Type 'ReactElement<any, any>' is missing the following properties from type '{ label: string; onClick: () => void; }': label, onClick
src/features/curriculum/components/domain-list.tsx(657,21): error TS2739: Type 'ReactElement<any, any>' is missing the following properties from type '{ label: string; onClick: () => void; }': label, onClick
